# serializer version: 1
# name: test_atomic_data_uuid
  '6f7b09e887a311e7a06b246e96350010'
# ---
# name: test_hdf_helium_treatment
  'none'
# ---
